Archive member included because of file (symbol)

/home/xose/local/gcc-arm-none-eabi-4_8-2014q1/bin/../lib/gcc/arm-none-eabi/4.8.3/../../../../arm-none-eabi/lib/armv6-m/libc_s.a(lib_a-exit.o)
                              /home/xose/local/gcc-arm-none-eabi-4_8-2014q1/bin/../lib/gcc/arm-none-eabi/4.8.3/../../../../arm-none-eabi/lib/armv6-m/crt0.o (exit)
/home/xose/local/gcc-arm-none-eabi-4_8-2014q1/bin/../lib/gcc/arm-none-eabi/4.8.3/../../../../arm-none-eabi/lib/armv6-m/libc_s.a(lib_a-impure.o)
                              /home/xose/local/gcc-arm-none-eabi-4_8-2014q1/bin/../lib/gcc/arm-none-eabi/4.8.3/../../../../arm-none-eabi/lib/armv6-m/libc_s.a(lib_a-exit.o) (_global_impure_ptr)
/home/xose/local/gcc-arm-none-eabi-4_8-2014q1/bin/../lib/gcc/arm-none-eabi/4.8.3/../../../../arm-none-eabi/lib/armv6-m/libc_s.a(lib_a-init.o)
                              /home/xose/local/gcc-arm-none-eabi-4_8-2014q1/bin/../lib/gcc/arm-none-eabi/4.8.3/../../../../arm-none-eabi/lib/armv6-m/crt0.o (__libc_init_array)
/home/xose/local/gcc-arm-none-eabi-4_8-2014q1/bin/../lib/gcc/arm-none-eabi/4.8.3/../../../../arm-none-eabi/lib/armv6-m/libc_s.a(lib_a-memcpy-stub.o)
                              build/board_driver_usb.o (memcpy)
/home/xose/local/gcc-arm-none-eabi-4_8-2014q1/bin/../lib/gcc/arm-none-eabi/4.8.3/../../../../arm-none-eabi/lib/armv6-m/libc_s.a(lib_a-memset.o)
                              /home/xose/local/gcc-arm-none-eabi-4_8-2014q1/bin/../lib/gcc/arm-none-eabi/4.8.3/../../../../arm-none-eabi/lib/armv6-m/crt0.o (memset)
/home/xose/local/gcc-arm-none-eabi-4_8-2014q1/bin/../lib/gcc/arm-none-eabi/4.8.3/../../../../arm-none-eabi/lib/armv6-m/libc_s.a(lib_a-strlen.o)
                              build/sam_ba_usb.o (strlen)
/home/xose/local/gcc-arm-none-eabi-4_8-2014q1/bin/../lib/gcc/arm-none-eabi/4.8.3/../../../../arm-none-eabi/lib/armv6-m/libnosys.a(_exit.o)
                              /home/xose/local/gcc-arm-none-eabi-4_8-2014q1/bin/../lib/gcc/arm-none-eabi/4.8.3/../../../../arm-none-eabi/lib/armv6-m/libc_s.a(lib_a-exit.o) (_exit)

Allocating common symbols
Common symbol       size              file

b_sharp_received    0x1               build/sam_ba_serial.o
udd_ep_out_cache_buffer
                    0x80              build/board_driver_usb.o
j                   0x1               build/sam_ba_monitor.o
udd_ep_in_cache_buffer
                    0x80              build/board_driver_usb.o
idx_rx_write        0x1               build/sam_ba_serial.o
size_of_data        0x2               build/sam_ba_serial.o
length              0x4               build/sam_ba_monitor.o
ptr                 0x4               build/sam_ba_monitor.o
command             0x1               build/sam_ba_monitor.o
pulSketch_Start_Address
                    0x4               build/main.o
MAX_FLASH           0x4               build/sam_ba_monitor.o
PAGES               0x4               build/sam_ba_monitor.o
idx_tx_read         0x1               build/sam_ba_serial.o
i                   0x4               build/sam_ba_monitor.o
buffer_tx_usart     0x80              build/sam_ba_serial.o
sam_ba_cdc          0xc               build/sam_ba_usb.o
error_timeout       0x1               build/sam_ba_serial.o
usb_endpoint_table  0x80              build/board_driver_usb.o
__gnu_lto_v1        0x1               build/board_driver_i2c.o
PAGE_SIZE           0x4               build/sam_ba_monitor.o
data                0x40              build/sam_ba_monitor.o
mode_of_transfer    0x1               build/sam_ba_serial.o
ptr_data            0x4               build/sam_ba_monitor.o
idx_rx_read         0x1               build/sam_ba_serial.o
ptr_monitor_if      0x4               build/sam_ba_monitor.o
sp                  0x4               build/sam_ba_monitor.o
current_number      0x4               build/sam_ba_monitor.o
idx_tx_write        0x1               build/sam_ba_serial.o
u32tmp              0x4               build/sam_ba_monitor.o
buffer_rx_usart     0x80              build/sam_ba_serial.o

Discarded input sections

 .text          0x00000000        0x0 /home/xose/local/gcc-arm-none-eabi-4_8-2014q1/bin/../lib/gcc/arm-none-eabi/4.8.3/armv6-m/crti.o
 .data          0x00000000        0x0 /home/xose/local/gcc-arm-none-eabi-4_8-2014q1/bin/../lib/gcc/arm-none-eabi/4.8.3/armv6-m/crti.o
 .bss           0x00000000        0x0 /home/xose/local/gcc-arm-none-eabi-4_8-2014q1/bin/../lib/gcc/arm-none-eabi/4.8.3/armv6-m/crti.o
 .data          0x00000000        0x4 /home/xose/local/gcc-arm-none-eabi-4_8-2014q1/bin/../lib/gcc/arm-none-eabi/4.8.3/armv6-m/crtbegin.o
 .text          0x00000000       0x78 /home/xose/local/gcc-arm-none-eabi-4_8-2014q1/bin/../lib/gcc/arm-none-eabi/4.8.3/../../../../arm-none-eabi/lib/armv6-m/crt0.o
 .data          0x00000000        0x0 /home/xose/local/gcc-arm-none-eabi-4_8-2014q1/bin/../lib/gcc/arm-none-eabi/4.8.3/../../../../arm-none-eabi/lib/armv6-m/crt0.o
 .bss           0x00000000        0x0 /home/xose/local/gcc-arm-none-eabi-4_8-2014q1/bin/../lib/gcc/arm-none-eabi/4.8.3/../../../../arm-none-eabi/lib/armv6-m/crt0.o
 .ARM.extab     0x00000000        0x0 /home/xose/local/gcc-arm-none-eabi-4_8-2014q1/bin/../lib/gcc/arm-none-eabi/4.8.3/../../../../arm-none-eabi/lib/armv6-m/crt0.o
 .ARM.exidx     0x00000000        0x8 /home/xose/local/gcc-arm-none-eabi-4_8-2014q1/bin/../lib/gcc/arm-none-eabi/4.8.3/../../../../arm-none-eabi/lib/armv6-m/crt0.o
 .ARM.attributes
                0x00000000       0x1b /home/xose/local/gcc-arm-none-eabi-4_8-2014q1/bin/../lib/gcc/arm-none-eabi/4.8.3/../../../../arm-none-eabi/lib/armv6-m/crt0.o
 .text          0x00000000        0x0 build/board_driver_i2c.o
 .data          0x00000000        0x0 build/board_driver_i2c.o
 .bss           0x00000000        0x0 build/board_driver_i2c.o
 .gnu.lto_.inline.56397186c74114dc
                0x00000000        0xf build/board_driver_i2c.o
 .gnu.lto_.pureconst.56397186c74114dc
                0x00000000        0xf build/board_driver_i2c.o
 .gnu.lto_.symbol_nodes.56397186c74114dc
                0x00000000        0xe build/board_driver_i2c.o
 .gnu.lto_.refs.56397186c74114dc
                0x00000000        0xf build/board_driver_i2c.o
 .gnu.lto_.decls.56397186c74114dc
                0x00000000       0x1b build/board_driver_i2c.o
 .gnu.lto_.symtab.56397186c74114dc
                0x00000000        0x0 build/board_driver_i2c.o
 .gnu.lto_.opts
                0x00000000       0x7e build/board_driver_i2c.o
 .comment       0x00000000       0x71 build/board_driver_i2c.o
 .ARM.attributes
                0x00000000       0x32 build/board_driver_i2c.o
 COMMON         0x00000000        0x1 build/board_driver_i2c.o
 .text          0x00000000        0x0 build/board_driver_led.o
 .data          0x00000000        0x0 build/board_driver_led.o
 .bss           0x00000000        0x0 build/board_driver_led.o
 .gnu.lto_.jmpfuncs.26d2b42844aa088c
                0x00000000       0x13 build/board_driver_led.o
 .gnu.lto_.inline.26d2b42844aa088c
                0x00000000       0x22 build/board_driver_led.o
 .gnu.lto_.pureconst.26d2b42844aa088c
                0x00000000       0x12 build/board_driver_led.o
 .gnu.lto_LED_pulse.26d2b42844aa088c
                0x00000000      0x3f3 build/board_driver_led.o
 .gnu.lto_.symbol_nodes.26d2b42844aa088c
                0x00000000       0x2d build/board_driver_led.o
 .gnu.lto_.refs.26d2b42844aa088c
                0x00000000       0x23 build/board_driver_led.o
 .gnu.lto_.decls.26d2b42844aa088c
                0x00000000      0xd8f build/board_driver_led.o
 .gnu.lto_.symtab.26d2b42844aa088c
                0x00000000       0x6f build/board_driver_led.o
 .gnu.lto_.opts
                0x00000000       0x7e build/board_driver_led.o
 .text          0x00000000        0x0 build/board_driver_pmic.o
 .data          0x00000000        0x0 build/board_driver_pmic.o
 .bss           0x00000000        0x0 build/board_driver_pmic.o
 .gnu.lto_.inline.9ddf06ce91db9a98
                0x00000000        0xf build/board_driver_pmic.o
 .gnu.lto_.pureconst.9ddf06ce91db9a98
                0x00000000        0xf build/board_driver_pmic.o
 .gnu.lto_.symbol_nodes.9ddf06ce91db9a98
                0x00000000        0xe build/board_driver_pmic.o
 .gnu.lto_.refs.9ddf06ce91db9a98
                0x00000000        0xf build/board_driver_pmic.o
 .gnu.lto_.decls.9ddf06ce91db9a98
                0x00000000       0x1b build/board_driver_pmic.o
 .gnu.lto_.symtab.9ddf06ce91db9a98
                0x00000000        0x0 build/board_driver_pmic.o
 .gnu.lto_.opts
                0x00000000       0x7e build/board_driver_pmic.o
 .comment       0x00000000       0x71 build/board_driver_pmic.o
 .ARM.attributes
                0x00000000       0x32 build/board_driver_pmic.o
 .text          0x00000000        0x0 build/board_driver_jtag.o
 .data          0x00000000        0x0 build/board_driver_jtag.o
 .bss           0x00000000        0x0 build/board_driver_jtag.o
 .gnu.lto_.inline.5a809ae6451f9f61
                0x00000000        0xf build/board_driver_jtag.o
 .gnu.lto_.pureconst.5a809ae6451f9f61
                0x00000000        0xf build/board_driver_jtag.o
 .gnu.lto_.symbol_nodes.5a809ae6451f9f61
                0x00000000        0xe build/board_driver_jtag.o
 .gnu.lto_.refs.5a809ae6451f9f61
                0x00000000        0xf build/board_driver_jtag.o
 .gnu.lto_.decls.5a809ae6451f9f61
                0x00000000       0x1b build/board_driver_jtag.o
 .gnu.lto_.symtab.5a809ae6451f9f61
                0x00000000        0x0 build/board_driver_jtag.o
 .gnu.lto_.opts
                0x00000000       0x7e build/board_driver_jtag.o
 .comment       0x00000000       0x71 build/board_driver_jtag.o
 .ARM.attributes
                0x00000000       0x32 build/board_driver_jtag.o
 .text          0x00000000        0x0 build/board_driver_serial.o
 .data          0x00000000        0x0 build/board_driver_serial.o
 .bss           0x00000000        0x0 build/board_driver_serial.o
 .gnu.lto_.jmpfuncs.61ebbd1a4949e488
                0x00000000       0x1e build/board_driver_serial.o
 .gnu.lto_.inline.61ebbd1a4949e488
                0x00000000      0x115 build/board_driver_serial.o
 .gnu.lto_.pureconst.61ebbd1a4949e488
                0x00000000       0x1c build/board_driver_serial.o
 .gnu.lto_uart_basic_init.61ebbd1a4949e488
                0x00000000      0x2bd build/board_driver_serial.o
 .gnu.lto_uart_disable.61ebbd1a4949e488
                0x00000000      0x12f build/board_driver_serial.o
 .gnu.lto_uart_write_byte.61ebbd1a4949e488
                0x00000000      0x137 build/board_driver_serial.o
 .gnu.lto_uart_read_byte.61ebbd1a4949e488
                0x00000000      0x1f9 build/board_driver_serial.o
 .gnu.lto_uart_write_buffer_polled.61ebbd1a4949e488
                0x00000000      0x1d4 build/board_driver_serial.o
 .gnu.lto_uart_read_buffer_polled.61ebbd1a4949e488
                0x00000000      0x28d build/board_driver_serial.o
 .gnu.lto_.symbol_nodes.61ebbd1a4949e488
                0x00000000       0x3f build/board_driver_serial.o
 .gnu.lto_.refs.61ebbd1a4949e488
                0x00000000       0x18 build/board_driver_serial.o
 .gnu.lto_.decls.61ebbd1a4949e488
                0x00000000     0x2ea1 build/board_driver_serial.o
 .gnu.lto_.symtab.61ebbd1a4949e488
                0x00000000       0xea build/board_driver_serial.o
 .gnu.lto_.opts
                0x00000000       0x7e build/board_driver_serial.o
 .text.uart_disable
                0x00000000       0x10 build/board_driver_serial.o
 .text.uart_write_buffer_polled
                0x00000000       0x20 build/board_driver_serial.o
 .text.uart_read_buffer_polled
                0x00000000       0x40 build/board_driver_serial.o
 .text          0x00000000        0x0 build/board_driver_usb.o
 .data          0x00000000        0x0 build/board_driver_usb.o
 .bss           0x00000000        0x0 build/board_driver_usb.o
 .gnu.lto_.jmpfuncs.d2c2d69fdbb7661c
                0x00000000       0x77 build/board_driver_usb.o
 .gnu.lto_.inline.d2c2d69fdbb7661c
                0x00000000      0x110 build/board_driver_usb.o
 .gnu.lto_.pureconst.d2c2d69fdbb7661c
                0x00000000       0x26 build/board_driver_usb.o
 .gnu.lto_USB_IsConfigured.d2c2d69fdbb7661c
                0x00000000      0x33f build/board_driver_usb.o
 .gnu.lto_USB_Read.part.0.d2c2d69fdbb7661c
                0x00000000      0x26a build/board_driver_usb.o
 .gnu.lto_USB_Open.d2c2d69fdbb7661c
                0x00000000      0x124 build/board_driver_usb.o
 .gnu.lto_USB_Init.d2c2d69fdbb7661c
                0x00000000      0x5c9 build/board_driver_usb.o
 .gnu.lto_USB_Write.d2c2d69fdbb7661c
                0x00000000      0x36a build/board_driver_usb.o
 .gnu.lto_USB_Read.d2c2d69fdbb7661c
                0x00000000      0x2ae build/board_driver_usb.o
 .gnu.lto_USB_Read_blocking.d2c2d69fdbb7661c
                0x00000000      0x2de build/board_driver_usb.o
 .gnu.lto_USB_SendStall.d2c2d69fdbb7661c
                0x00000000      0x128 build/board_driver_usb.o
 .gnu.lto_USB_SendZlp.d2c2d69fdbb7661c
                0x00000000      0x1ae build/board_driver_usb.o
 .gnu.lto_USB_SetAddress.d2c2d69fdbb7661c
                0x00000000       0xe9 build/board_driver_usb.o
 .gnu.lto_USB_Configure.d2c2d69fdbb7661c
                0x00000000      0x244 build/board_driver_usb.o
 .gnu.lto_.symbol_nodes.d2c2d69fdbb7661c
                0x00000000       0x9d build/board_driver_usb.o
 .gnu.lto_.refs.d2c2d69fdbb7661c
                0x00000000       0x43 build/board_driver_usb.o
 .gnu.lto_.decls.d2c2d69fdbb7661c
                0x00000000     0x510e build/board_driver_usb.o
 .gnu.lto_.symtab.d2c2d69fdbb7661c
                0x00000000      0x1ac build/board_driver_usb.o
 .gnu.lto_.opts
                0x00000000       0x7e build/board_driver_usb.o
 .text.USB_Read_blocking
                0x00000000       0x60 build/board_driver_usb.o
 .text          0x00000000        0x0 build/board_init.o
 .data          0x00000000        0x0 build/board_init.o
 .bss           0x00000000        0x0 build/board_init.o
 .gnu.lto_.jmpfuncs.1480a2565ba20e7e
                0x00000000       0x35 build/board_init.o
 .gnu.lto_.inline.1480a2565ba20e7e
                0x00000000       0xae build/board_init.o
 .gnu.lto_.pureconst.1480a2565ba20e7e
                0x00000000       0x1a build/board_init.o
 .gnu.lto_NVIC_SetPriority.1480a2565ba20e7e
                0x00000000      0x302 build/board_init.o
 .gnu.lto_SysTick_Config.1480a2565ba20e7e
                0x00000000      0x18a build/board_init.o
 .gnu.lto_gclk_sync.1480a2565ba20e7e
                0x00000000       0xfc build/board_init.o
 .gnu.lto_dfll_sync.1480a2565ba20e7e
                0x00000000       0xfb build/board_init.o
 .gnu.lto_board_init.1480a2565ba20e7e
                0x00000000      0x31f build/board_init.o
 .gnu.lto_.symbol_nodes.1480a2565ba20e7e
                0x00000000       0x6e build/board_init.o
 .gnu.lto_.refs.1480a2565ba20e7e
                0x00000000        0xf build/board_init.o
 .gnu.lto_.decls.1480a2565ba20e7e
                0x00000000     0x2d05 build/board_init.o
 .gnu.lto_.symtab.1480a2565ba20e7e
                0x00000000       0x3d build/board_init.o
 .gnu.lto_.opts
                0x00000000       0x7e build/board_init.o
 .data.g_interrupt_enabled
                0x00000000        0x1 build/board_init.o
 .text          0x00000000        0x0 build/board_startup.o
 .data          0x00000000        0x0 build/board_startup.o
 .bss           0x00000000        0x0 build/board_startup.o
 .gnu.lto_.jmpfuncs.3484040054c8341e
                0x00000000       0x1b build/board_startup.o
 .gnu.lto_.inline.3484040054c8341e
                0x00000000       0x38 build/board_startup.o
 .gnu.lto_.pureconst.3484040054c8341e
                0x00000000       0x1a build/board_startup.o
 .gnu.lto_NMI_Handler.3484040054c8341e
                0x00000000       0x9d build/board_startup.o
 .gnu.lto_HardFault_Handler.3484040054c8341e
                0x00000000       0x9d build/board_startup.o
 .gnu.lto_SVC_Handler.3484040054c8341e
                0x00000000       0x9b build/board_startup.o
 .gnu.lto_PendSV_Handler.3484040054c8341e
                0x00000000       0x9c build/board_startup.o
 .gnu.lto_Reset_Handler.3484040054c8341e
                0x00000000      0x268 build/board_startup.o
 .gnu.lto_.symbol_nodes.3484040054c8341e
                0x00000000       0x67 build/board_startup.o
 .gnu.lto_.refs.3484040054c8341e
                0x00000000       0x2d build/board_startup.o
 .gnu.lto_.decls.3484040054c8341e
                0x00000000      0x605 build/board_startup.o
 .gnu.lto_.symtab.3484040054c8341e
                0x00000000      0x187 build/board_startup.o
 .gnu.lto_.opts
                0x00000000       0x7e build/board_startup.o
 .text          0x00000000        0x0 build/main.o
 .data          0x00000000        0x0 build/main.o
 .bss           0x00000000        0x0 build/main.o
 .gnu.lto_.jmpfuncs.284c173531a4644e
                0x00000000       0x44 build/main.o
 .gnu.lto_.inline.284c173531a4644e
                0x00000000       0xc8 build/main.o
 .gnu.lto_.pureconst.284c173531a4644e
                0x00000000       0x1c build/main.o
 .gnu.lto_NVIC_SetPriority.284c173531a4644e
                0x00000000      0x301 build/main.o
 .gnu.lto_SysTick_Config.284c173531a4644e
                0x00000000      0x18a build/main.o
 .gnu.lto_jump_to_application.284c173531a4644e
                0x00000000      0x241 build/main.o
 .gnu.lto_check_start_application.284c173531a4644e
                0x00000000      0x2ec build/main.o
 .gnu.lto_main.284c173531a4644e
                0x00000000      0x39c build/main.o
 .gnu.lto_SysTick_Handler.284c173531a4644e
                0x00000000       0x9f build/main.o
 .gnu.lto_.symbol_nodes.284c173531a4644e
                0x00000000       0xd7 build/main.o
 .gnu.lto_.refs.284c173531a4644e
                0x00000000       0x25 build/main.o
 .gnu.lto_.decls.284c173531a4644e
                0x00000000     0x4865 build/main.o
 .gnu.lto_.symtab.284c173531a4644e
                0x00000000      0x175 build/main.o
 .gnu.lto_.opts
                0x00000000       0x7e build/main.o
 .text          0x00000000        0x0 build/sam_ba_usb.o
 .data          0x00000000        0x0 build/sam_ba_usb.o
 .bss           0x00000000        0x0 build/sam_ba_usb.o
 .gnu.lto_.jmpfuncs.2e59b3e3738b67c1
                0x00000000       0xc5 build/sam_ba_usb.o
 .gnu.lto_.inline.2e59b3e3738b67c1
                0x00000000       0xa1 build/sam_ba_usb.o
 .gnu.lto_.pureconst.2e59b3e3738b67c1
                0x00000000       0x16 build/sam_ba_usb.o
 .gnu.lto_usb_init.2e59b3e3738b67c1
                0x00000000       0xfd build/sam_ba_usb.o
 .gnu.lto_USB_SendString.2e59b3e3738b67c1
                0x00000000      0x2fb build/sam_ba_usb.o
 .gnu.lto_sam_ba_usb_CDC_Enumerate.2e59b3e3738b67c1
                0x00000000     0x1423 build/sam_ba_usb.o
 .gnu.lto_.symbol_nodes.2e59b3e3738b67c1
                0x00000000      0x11c build/sam_ba_usb.o
 .gnu.lto_.refs.2e59b3e3738b67c1
                0x00000000       0x5c build/sam_ba_usb.o
 .gnu.lto_.decls.2e59b3e3738b67c1
                0x00000000     0x359d build/sam_ba_usb.o
 .gnu.lto_.symtab.2e59b3e3738b67c1
                0x00000000      0x176 build/sam_ba_usb.o
 .gnu.lto_.opts
                0x00000000       0x7e build/sam_ba_usb.o
 .text          0x00000000        0x0 build/sam_ba_cdc.o
 .data          0x00000000        0x0 build/sam_ba_cdc.o
 .bss           0x00000000        0x0 build/sam_ba_cdc.o
 .gnu.lto_.jmpfuncs.5a9eeb18a465d680
                0x00000000       0x5e build/sam_ba_cdc.o
 .gnu.lto_.inline.5a9eeb18a465d680
                0x00000000       0x79 build/sam_ba_cdc.o
 .gnu.lto_.pureconst.5a9eeb18a465d680
                0x00000000       0x20 build/sam_ba_cdc.o
 .gnu.lto_cdc_read_buf.part.0.5a9eeb18a465d680
                0x00000000       0xe5 build/sam_ba_cdc.o
 .gnu.lto_cdc_read_buf_xmd.part.1.5a9eeb18a465d680
                0x00000000      0x1e4 build/sam_ba_cdc.o
 .gnu.lto_cdc_putc.5a9eeb18a465d680
                0x00000000       0xd5 build/sam_ba_cdc.o
 .gnu.lto_cdc_getc.5a9eeb18a465d680
                0x00000000      0x14c build/sam_ba_cdc.o
 .gnu.lto_cdc_is_rx_ready.5a9eeb18a465d680
                0x00000000      0x15a build/sam_ba_cdc.o
 .gnu.lto_cdc_write_buf.5a9eeb18a465d680
                0x00000000       0xd3 build/sam_ba_cdc.o
 .gnu.lto_cdc_read_buf.5a9eeb18a465d680
                0x00000000      0x101 build/sam_ba_cdc.o
 .gnu.lto_cdc_read_buf_xmd.5a9eeb18a465d680
                0x00000000      0x118 build/sam_ba_cdc.o
 .gnu.lto_.symbol_nodes.5a9eeb18a465d680
                0x00000000       0x8e build/sam_ba_cdc.o
 .gnu.lto_.refs.5a9eeb18a465d680
                0x00000000       0x29 build/sam_ba_cdc.o
 .gnu.lto_.decls.5a9eeb18a465d680
                0x00000000     0x2f81 build/sam_ba_cdc.o
 .gnu.lto_.symtab.5a9eeb18a465d680
                0x00000000      0x12e build/sam_ba_cdc.o
 .gnu.lto_.opts
                0x00000000       0x7e build/sam_ba_cdc.o
 .text          0x00000000        0x0 build/sam_ba_monitor.o
 .data          0x00000000        0x0 build/sam_ba_monitor.o
 .bss           0x00000000        0x0 build/sam_ba_monitor.o
 .gnu.lto_.jmpfuncs.1d3287b7fba92822
                0x00000000      0x120 build/sam_ba_monitor.o
 .gnu.lto_.inline.1d3287b7fba92822
                0x00000000      0x150 build/sam_ba_monitor.o
 .gnu.lto_.pureconst.1d3287b7fba92822
                0x00000000       0x28 build/sam_ba_monitor.o
 .gnu.lto_sam_ba_putdata.isra.0.1d3287b7fba92822
                0x00000000      0x11d build/sam_ba_monitor.o
 .gnu.lto_put_uint32.1d3287b7fba92822
                0x00000000      0x2e1 build/sam_ba_monitor.o
 .gnu.lto_sam_ba_getdata.isra.1.1d3287b7fba92822
                0x00000000      0x14a build/sam_ba_monitor.o
 .gnu.lto_sam_ba_putdata_xmd.isra.2.1d3287b7fba92822
                0x00000000      0x11c build/sam_ba_monitor.o
 .gnu.lto_sam_ba_getdata_xmd.isra.3.1d3287b7fba92822
                0x00000000      0x14a build/sam_ba_monitor.o
 .gnu.lto_sam_ba_monitor_sys_tick.part.4.1d3287b7fba92822
                0x00000000      0x176 build/sam_ba_monitor.o
 .gnu.lto_sam_ba_monitor_init.1d3287b7fba92822
                0x00000000      0x12e build/sam_ba_monitor.o
 .gnu.lto_sam_ba_putdata_term.1d3287b7fba92822
                0x00000000      0x4d4 build/sam_ba_monitor.o
 .gnu.lto_call_applet.1d3287b7fba92822
                0x00000000      0x26b build/sam_ba_monitor.o
 .gnu.lto_sam_ba_monitor_loop.1d3287b7fba92822
                0x00000000     0x1802 build/sam_ba_monitor.o
 .gnu.lto_sam_ba_monitor_sys_tick.1d3287b7fba92822
                0x00000000      0x1bf build/sam_ba_monitor.o
 .gnu.lto_sam_ba_monitor_run.1d3287b7fba92822
                0x00000000      0x25f build/sam_ba_monitor.o
 .gnu.lto_.symbol_nodes.1d3287b7fba92822
                0x00000000      0x1d4 build/sam_ba_monitor.o
 .gnu.lto_.refs.1d3287b7fba92822
                0x00000000       0xcc build/sam_ba_monitor.o
 .gnu.lto_.decls.1d3287b7fba92822
                0x00000000     0x1b54 build/sam_ba_monitor.o
 .gnu.lto_.symtab.1d3287b7fba92822
                0x00000000      0x477 build/sam_ba_monitor.o
 .gnu.lto_.opts
                0x00000000       0x7e build/sam_ba_monitor.o
 .text          0x00000000        0x0 build/sam_ba_serial.o
 .data          0x00000000        0x0 build/sam_ba_serial.o
 .bss           0x00000000        0x0 build/sam_ba_serial.o
 .gnu.lto_.jmpfuncs.e9de299cfe988b08
                0x00000000       0x8c build/sam_ba_serial.o
 .gnu.lto_.inline.e9de299cfe988b08
                0x00000000      0x16a build/sam_ba_serial.o
 .gnu.lto_.pureconst.e9de299cfe988b08
                0x00000000       0x30 build/sam_ba_serial.o
 .gnu.lto_serial_open.e9de299cfe988b08
                0x00000000      0x315 build/sam_ba_serial.o
 .gnu.lto_serial_close.e9de299cfe988b08
                0x00000000       0xa4 build/sam_ba_serial.o
 .gnu.lto_serial_putc.e9de299cfe988b08
                0x00000000       0xbf build/sam_ba_serial.o
 .gnu.lto_serial_is_rx_ready.e9de299cfe988b08
                0x00000000       0xe3 build/sam_ba_serial.o
 .gnu.lto_serial_getc.e9de299cfe988b08
                0x00000000      0x104 build/sam_ba_serial.o
 .gnu.lto_serial_sharp_received.part.0.e9de299cfe988b08
                0x00000000       0xe5 build/sam_ba_serial.o
 .gnu.lto_serial_sharp_received.e9de299cfe988b08
                0x00000000       0xed build/sam_ba_serial.o
 .gnu.lto_serial_readc.e9de299cfe988b08
                0x00000000      0x1aa build/sam_ba_serial.o
 .gnu.lto_serial_putdata.e9de299cfe988b08
                0x00000000      0x177 build/sam_ba_serial.o
 .gnu.lto_serial_getdata.e9de299cfe988b08
                0x00000000       0xcd build/sam_ba_serial.o
 .gnu.lto_serial_add_crc.e9de299cfe988b08
                0x00000000      0x141 build/sam_ba_serial.o
 .gnu.lto_putPacket.e9de299cfe988b08
                0x00000000      0x36f build/sam_ba_serial.o
 .gnu.lto_serial_putdata_xmd.e9de299cfe988b08
                0x00000000      0x54c build/sam_ba_serial.o
 .gnu.lto_getbytes.e9de299cfe988b08
                0x00000000      0x33b build/sam_ba_serial.o
 .gnu.lto_getPacket.e9de299cfe988b08
                0x00000000      0x2f2 build/sam_ba_serial.o
 .gnu.lto_serial_getdata_xmd.e9de299cfe988b08
                0x00000000      0x58f build/sam_ba_serial.o
 .gnu.lto_.symbol_nodes.e9de299cfe988b08
                0x00000000      0x17c build/sam_ba_serial.o
 .gnu.lto_.refs.e9de299cfe988b08
                0x00000000       0x4c build/sam_ba_serial.o
 .gnu.lto_.decls.e9de299cfe988b08
                0x00000000     0x531d build/sam_ba_serial.o
 .gnu.lto_.symtab.e9de299cfe988b08
                0x00000000      0x30b build/sam_ba_serial.o
 .gnu.lto_.opts
                0x00000000       0x7e build/sam_ba_serial.o
 .text.serial_close
                0x00000000       0x10 build/sam_ba_serial.o
 .text.serial_readc
                0x00000000       0x20 build/sam_ba_serial.o
 .text          0x00000000        0x0 /home/xose/local/gcc-arm-none-eabi-4_8-2014q1/bin/../lib/gcc/arm-none-eabi/4.8.3/../../../../arm-none-eabi/lib/armv6-m/libc_s.a(lib_a-exit.o)
 .data          0x00000000        0x0 /home/xose/local/gcc-arm-none-eabi-4_8-2014q1/bin/../lib/gcc/arm-none-eabi/4.8.3/../../../../arm-none-eabi/lib/armv6-m/libc_s.a(lib_a-exit.o)
 .bss           0x00000000        0x0 /home/xose/local/gcc-arm-none-eabi-4_8-2014q1/bin/../lib/gcc/arm-none-eabi/4.8.3/../../../../arm-none-eabi/lib/armv6-m/libc_s.a(lib_a-exit.o)
 .text.exit     0x00000000       0x2c /home/xose/local/gcc-arm-none-eabi-4_8-2014q1/bin/../lib/gcc/arm-none-eabi/4.8.3/../../../../arm-none-eabi/lib/armv6-m/libc_s.a(lib_a-exit.o)
 .ARM.attributes
                0x00000000       0x2c /home/xose/local/gcc-arm-none-eabi-4_8-2014q1/bin/../lib/gcc/arm-none-eabi/4.8.3/../../../../arm-none-eabi/lib/armv6-m/libc_s.a(lib_a-exit.o)
 .debug_frame   0x00000000       0x28 /home/xose/local/gcc-arm-none-eabi-4_8-2014q1/bin/../lib/gcc/arm-none-eabi/4.8.3/../../../../arm-none-eabi/lib/armv6-m/libc_s.a(lib_a-exit.o)
 .text          0x00000000        0x0 /home/xose/local/gcc-arm-none-eabi-4_8-2014q1/bin/../lib/gcc/arm-none-eabi/4.8.3/../../../../arm-none-eabi/lib/armv6-m/libc_s.a(lib_a-impure.o)
 .data          0x00000000        0x0 /home/xose/local/gcc-arm-none-eabi-4_8-2014q1/bin/../lib/gcc/arm-none-eabi/4.8.3/../../../../arm-none-eabi/lib/armv6-m/libc_s.a(lib_a-impure.o)
 .bss           0x00000000        0x0 /home/xose/local/gcc-arm-none-eabi-4_8-2014q1/bin/../lib/gcc/arm-none-eabi/4.8.3/../../../../arm-none-eabi/lib/armv6-m/libc_s.a(lib_a-impure.o)
 .data.impure_data
                0x00000000       0x60 /home/xose/local/gcc-arm-none-eabi-4_8-2014q1/bin/../lib/gcc/arm-none-eabi/4.8.3/../../../../arm-none-eabi/lib/armv6-m/libc_s.a(lib_a-impure.o)
 .data._impure_ptr
                0x00000000        0x4 /home/xose/local/gcc-arm-none-eabi-4_8-2014q1/bin/../lib/gcc/arm-none-eabi/4.8.3/../../../../arm-none-eabi/lib/armv6-m/libc_s.a(lib_a-impure.o)
 .rodata.str1.1
                0x00000000        0x2 /home/xose/local/gcc-arm-none-eabi-4_8-2014q1/bin/../lib/gcc/arm-none-eabi/4.8.3/../../../../arm-none-eabi/lib/armv6-m/libc_s.a(lib_a-impure.o)
 .rodata._global_impure_ptr
                0x00000000        0x4 /home/xose/local/gcc-arm-none-eabi-4_8-2014q1/bin/../lib/gcc/arm-none-eabi/4.8.3/../../../../arm-none-eabi/lib/armv6-m/libc_s.a(lib_a-impure.o)
 .ARM.attributes
                0x00000000       0x2c /home/xose/local/gcc-arm-none-eabi-4_8-2014q1/bin/../lib/gcc/arm-none-eabi/4.8.3/../../../../arm-none-eabi/lib/armv6-m/libc_s.a(lib_a-impure.o)
 .text          0x00000000        0x0 /home/xose/local/gcc-arm-none-eabi-4_8-2014q1/bin/../lib/gcc/arm-none-eabi/4.8.3/../../../../arm-none-eabi/lib/armv6-m/libc_s.a(lib_a-init.o)
 .data          0x00000000        0x0 /home/xose/local/gcc-arm-none-eabi-4_8-2014q1/bin/../lib/gcc/arm-none-eabi/4.8.3/../../../../arm-none-eabi/lib/armv6-m/libc_s.a(lib_a-init.o)
 .bss           0x00000000        0x0 /home/xose/local/gcc-arm-none-eabi-4_8-2014q1/bin/../lib/gcc/arm-none-eabi/4.8.3/../../../../arm-none-eabi/lib/armv6-m/libc_s.a(lib_a-init.o)
 .text.__libc_init_array
                0x00000000       0x4c /home/xose/local/gcc-arm-none-eabi-4_8-2014q1/bin/../lib/gcc/arm-none-eabi/4.8.3/../../../../arm-none-eabi/lib/armv6-m/libc_s.a(lib_a-init.o)
 .ARM.attributes
                0x00000000       0x2c /home/xose/local/gcc-arm-none-eabi-4_8-2014q1/bin/../lib/gcc/arm-none-eabi/4.8.3/../../../../arm-none-eabi/lib/armv6-m/libc_s.a(lib_a-init.o)
 .debug_frame   0x00000000       0x2c /home/xose/local/gcc-arm-none-eabi-4_8-2014q1/bin/../lib/gcc/arm-none-eabi/4.8.3/../../../../arm-none-eabi/lib/armv6-m/libc_s.a(lib_a-init.o)
 .text          0x00000000        0x0 /home/xose/local/gcc-arm-none-eabi-4_8-2014q1/bin/../lib/gcc/arm-none-eabi/4.8.3/../../../../arm-none-eabi/lib/armv6-m/libc_s.a(lib_a-memcpy-stub.o)
 .data          0x00000000        0x0 /home/xose/local/gcc-arm-none-eabi-4_8-2014q1/bin/../lib/gcc/arm-none-eabi/4.8.3/../../../../arm-none-eabi/lib/armv6-m/libc_s.a(lib_a-memcpy-stub.o)
 .bss           0x00000000        0x0 /home/xose/local/gcc-arm-none-eabi-4_8-2014q1/bin/../lib/gcc/arm-none-eabi/4.8.3/../../../../arm-none-eabi/lib/armv6-m/libc_s.a(lib_a-memcpy-stub.o)
 .text          0x00000000        0x0 /home/xose/local/gcc-arm-none-eabi-4_8-2014q1/bin/../lib/gcc/arm-none-eabi/4.8.3/../../../../arm-none-eabi/lib/armv6-m/libc_s.a(lib_a-memset.o)
 .data          0x00000000        0x0 /home/xose/local/gcc-arm-none-eabi-4_8-2014q1/bin/../lib/gcc/arm-none-eabi/4.8.3/../../../../arm-none-eabi/lib/armv6-m/libc_s.a(lib_a-memset.o)
 .bss           0x00000000        0x0 /home/xose/local/gcc-arm-none-eabi-4_8-2014q1/bin/../lib/gcc/arm-none-eabi/4.8.3/../../../../arm-none-eabi/lib/armv6-m/libc_s.a(lib_a-memset.o)
 .text          0x00000000        0x0 /home/xose/local/gcc-arm-none-eabi-4_8-2014q1/bin/../lib/gcc/arm-none-eabi/4.8.3/../../../../arm-none-eabi/lib/armv6-m/libc_s.a(lib_a-strlen.o)
 .data          0x00000000        0x0 /home/xose/local/gcc-arm-none-eabi-4_8-2014q1/bin/../lib/gcc/arm-none-eabi/4.8.3/../../../../arm-none-eabi/lib/armv6-m/libc_s.a(lib_a-strlen.o)
 .bss           0x00000000        0x0 /home/xose/local/gcc-arm-none-eabi-4_8-2014q1/bin/../lib/gcc/arm-none-eabi/4.8.3/../../../../arm-none-eabi/lib/armv6-m/libc_s.a(lib_a-strlen.o)
 .text          0x00000000        0x0 /home/xose/local/gcc-arm-none-eabi-4_8-2014q1/bin/../lib/gcc/arm-none-eabi/4.8.3/../../../../arm-none-eabi/lib/armv6-m/libnosys.a(_exit.o)
 .data          0x00000000        0x0 /home/xose/local/gcc-arm-none-eabi-4_8-2014q1/bin/../lib/gcc/arm-none-eabi/4.8.3/../../../../arm-none-eabi/lib/armv6-m/libnosys.a(_exit.o)
 .bss           0x00000000        0x0 /home/xose/local/gcc-arm-none-eabi-4_8-2014q1/bin/../lib/gcc/arm-none-eabi/4.8.3/../../../../arm-none-eabi/lib/armv6-m/libnosys.a(_exit.o)
 .text._exit    0x00000000        0x4 /home/xose/local/gcc-arm-none-eabi-4_8-2014q1/bin/../lib/gcc/arm-none-eabi/4.8.3/../../../../arm-none-eabi/lib/armv6-m/libnosys.a(_exit.o)
 .ARM.attributes
                0x00000000       0x2c /home/xose/local/gcc-arm-none-eabi-4_8-2014q1/bin/../lib/gcc/arm-none-eabi/4.8.3/../../../../arm-none-eabi/lib/armv6-m/libnosys.a(_exit.o)
 .debug_frame   0x00000000       0x20 /home/xose/local/gcc-arm-none-eabi-4_8-2014q1/bin/../lib/gcc/arm-none-eabi/4.8.3/../../../../arm-none-eabi/lib/armv6-m/libnosys.a(_exit.o)
 .text          0x00000000        0x0 /home/xose/local/gcc-arm-none-eabi-4_8-2014q1/bin/../lib/gcc/arm-none-eabi/4.8.3/armv6-m/crtend.o
 .data          0x00000000        0x0 /home/xose/local/gcc-arm-none-eabi-4_8-2014q1/bin/../lib/gcc/arm-none-eabi/4.8.3/armv6-m/crtend.o
 .bss           0x00000000        0x0 /home/xose/local/gcc-arm-none-eabi-4_8-2014q1/bin/../lib/gcc/arm-none-eabi/4.8.3/armv6-m/crtend.o
 .text          0x00000000        0x0 /home/xose/local/gcc-arm-none-eabi-4_8-2014q1/bin/../lib/gcc/arm-none-eabi/4.8.3/armv6-m/crtn.o
 .data          0x00000000        0x0 /home/xose/local/gcc-arm-none-eabi-4_8-2014q1/bin/../lib/gcc/arm-none-eabi/4.8.3/armv6-m/crtn.o
 .bss           0x00000000        0x0 /home/xose/local/gcc-arm-none-eabi-4_8-2014q1/bin/../lib/gcc/arm-none-eabi/4.8.3/armv6-m/crtn.o

Memory Configuration

Name             Origin             Length             Attributes
FLASH            0x00000000         0x00002000         xr
RAM              0x20000000         0x00007ffc         xrw
*default*        0x00000000         0xffffffff

Linker script and memory map

LOAD /home/xose/local/gcc-arm-none-eabi-4_8-2014q1/bin/../lib/gcc/arm-none-eabi/4.8.3/armv6-m/crti.o
LOAD /home/xose/local/gcc-arm-none-eabi-4_8-2014q1/bin/../lib/gcc/arm-none-eabi/4.8.3/armv6-m/crtbegin.o
LOAD /home/xose/local/gcc-arm-none-eabi-4_8-2014q1/bin/../lib/gcc/arm-none-eabi/4.8.3/../../../../arm-none-eabi/lib/armv6-m/crt0.o
START GROUP
LOAD build/board_driver_i2c.o
LOAD build/board_driver_led.o
LOAD build/board_driver_pmic.o
LOAD build/board_driver_jtag.o
LOAD build/board_driver_serial.o
LOAD build/board_driver_usb.o
LOAD build/board_init.o
LOAD build/board_startup.o
LOAD build/main.o
LOAD build/sam_ba_usb.o
LOAD build/sam_ba_cdc.o
LOAD build/sam_ba_monitor.o
LOAD build/sam_ba_serial.o
LOAD /home/xose/local/gcc-arm-none-eabi-4_8-2014q1/bin/../lib/gcc/arm-none-eabi/4.8.3/../../../../arm-none-eabi/lib/armv6-m/libm.a
END GROUP
START GROUP
LOAD /home/xose/local/gcc-arm-none-eabi-4_8-2014q1/bin/../lib/gcc/arm-none-eabi/4.8.3/armv6-m/libgcc.a
LOAD /home/xose/local/gcc-arm-none-eabi-4_8-2014q1/bin/../lib/gcc/arm-none-eabi/4.8.3/../../../../arm-none-eabi/lib/armv6-m/libc_s.a
END GROUP
START GROUP
LOAD /home/xose/local/gcc-arm-none-eabi-4_8-2014q1/bin/../lib/gcc/arm-none-eabi/4.8.3/armv6-m/libgcc.a
LOAD /home/xose/local/gcc-arm-none-eabi-4_8-2014q1/bin/../lib/gcc/arm-none-eabi/4.8.3/../../../../arm-none-eabi/lib/armv6-m/libc_s.a
LOAD /home/xose/local/gcc-arm-none-eabi-4_8-2014q1/bin/../lib/gcc/arm-none-eabi/4.8.3/../../../../arm-none-eabi/lib/armv6-m/libnosys.a
END GROUP
START GROUP
LOAD /home/xose/local/gcc-arm-none-eabi-4_8-2014q1/bin/../lib/gcc/arm-none-eabi/4.8.3/armv6-m/libgcc.a
LOAD /home/xose/local/gcc-arm-none-eabi-4_8-2014q1/bin/../lib/gcc/arm-none-eabi/4.8.3/../../../../arm-none-eabi/lib/armv6-m/libc_s.a
LOAD /home/xose/local/gcc-arm-none-eabi-4_8-2014q1/bin/../lib/gcc/arm-none-eabi/4.8.3/../../../../arm-none-eabi/lib/armv6-m/libnosys.a
END GROUP
LOAD /home/xose/local/gcc-arm-none-eabi-4_8-2014q1/bin/../lib/gcc/arm-none-eabi/4.8.3/armv6-m/crtend.o
LOAD /home/xose/local/gcc-arm-none-eabi-4_8-2014q1/bin/../lib/gcc/arm-none-eabi/4.8.3/armv6-m/crtn.o
                0x00000000                . = ORIGIN (FLASH)

.vectors        0x00000000       0x40
 *(.isr_vector)
 .isr_vector    0x00000000       0x40 build/board_startup.o
                0x00000000                exception_table

.text           0x00000040     0x1868
 *(.text*)
 .text          0x00000040       0x60 /home/xose/local/gcc-arm-none-eabi-4_8-2014q1/bin/../lib/gcc/arm-none-eabi/4.8.3/armv6-m/crtbegin.o
 .text.LED_pulse
                0x000000a0       0x68 build/board_driver_led.o
                0x000000a0                LED_pulse
 .text.uart_basic_init
                0x00000108       0x5c build/board_driver_serial.o
                0x00000108                uart_basic_init
 .text.uart_write_byte
                0x00000164        0xa build/board_driver_serial.o
                0x00000164                uart_write_byte
 *fill*         0x0000016e        0x2 
 .text.uart_read_byte
                0x00000170       0x30 build/board_driver_serial.o
                0x00000170                uart_read_byte
 .text.USB_IsConfigured
                0x000001a0       0x84 build/board_driver_usb.o
                0x000001a0                USB_IsConfigured
 .text.USB_Open
                0x00000224       0x1c build/board_driver_usb.o
                0x00000224                USB_Open
 .text.USB_Init
                0x00000240      0x108 build/board_driver_usb.o
                0x00000240                USB_Init
 .text.USB_Write
                0x00000348       0x90 build/board_driver_usb.o
                0x00000348                USB_Write
 .text.USB_Read
                0x000003d8       0x7c build/board_driver_usb.o
                0x000003d8                USB_Read
 .text.USB_SendStall
                0x00000454       0x12 build/board_driver_usb.o
                0x00000454                USB_SendStall
 *fill*         0x00000466        0x2 
 .text.USB_SendZlp
                0x00000468       0x28 build/board_driver_usb.o
                0x00000468                USB_SendZlp
 .text.USB_SetAddress
                0x00000490        0xc build/board_driver_usb.o
                0x00000490                USB_SetAddress
 .text.USB_Configure
                0x0000049c       0x68 build/board_driver_usb.o
                0x0000049c                USB_Configure
 .text.gclk_sync
                0x00000504       0x10 build/board_init.o
 .text.dfll_sync
                0x00000514       0x10 build/board_init.o
 .text.board_init
                0x00000524       0xd8 build/board_init.o
                0x00000524                board_init
 .text.NMI_Handler
                0x000005fc        0x4 build/board_startup.o
                0x000005fc                NMI_Handler
 .text.HardFault_Handler
                0x00000600        0x4 build/board_startup.o
                0x00000600                HardFault_Handler
 .text.SVC_Handler
                0x00000604        0x4 build/board_startup.o
                0x00000604                SVC_Handler
 .text.PendSV_Handler
                0x00000608        0x4 build/board_startup.o
                0x00000608                PendSV_Handler
 .text.Reset_Handler
                0x0000060c       0x50 build/board_startup.o
                0x0000060c                Reset_Handler
 .text.startup.main
                0x0000065c       0xf0 build/main.o
                0x0000065c                main
 .text.SysTick_Handler
                0x0000074c        0xc build/main.o
                0x0000074c                SysTick_Handler
 .text.usb_init
                0x00000758       0x20 build/sam_ba_usb.o
                0x00000758                usb_init
 .text.USB_SendString
                0x00000778       0x46 build/sam_ba_usb.o
                0x00000778                USB_SendString
 *fill*         0x000007be        0x2 
 .text.sam_ba_usb_CDC_Enumerate
                0x000007c0      0x364 build/sam_ba_usb.o
                0x000007c0                sam_ba_usb_CDC_Enumerate
 .text.cdc_putc
                0x00000b24       0x1c build/sam_ba_cdc.o
                0x00000b24                cdc_putc
 .text.cdc_getc
                0x00000b40       0x1c build/sam_ba_cdc.o
                0x00000b40                cdc_getc
 .text.cdc_is_rx_ready
                0x00000b5c       0x24 build/sam_ba_cdc.o
                0x00000b5c                cdc_is_rx_ready
 .text.cdc_write_buf
                0x00000b80       0x1c build/sam_ba_cdc.o
                0x00000b80                cdc_write_buf
 .text.cdc_read_buf
                0x00000b9c       0x28 build/sam_ba_cdc.o
                0x00000b9c                cdc_read_buf
 .text.cdc_read_buf_xmd
                0x00000bc4       0x38 build/sam_ba_cdc.o
                0x00000bc4                cdc_read_buf_xmd
 .text.sam_ba_putdata.isra.0
                0x00000bfc       0x18 build/sam_ba_monitor.o
 .text.sam_ba_monitor_init
                0x00000c14       0x2c build/sam_ba_monitor.o
                0x00000c14                sam_ba_monitor_init
 .text.sam_ba_putdata_term
                0x00000c40       0x80 build/sam_ba_monitor.o
                0x00000c40                sam_ba_putdata_term
 .text.call_applet
                0x00000cc0       0x1c build/sam_ba_monitor.o
                0x00000cc0                call_applet
 .text.sam_ba_monitor_sys_tick
                0x00000cdc       0x2c build/sam_ba_monitor.o
                0x00000cdc                sam_ba_monitor_sys_tick
 .text.sam_ba_monitor_run
                0x00000d08      0x4e8 build/sam_ba_monitor.o
                0x00000d08                sam_ba_monitor_run
 .text.serial_open
                0x000011f0       0xac build/sam_ba_serial.o
                0x000011f0                serial_open
 .text.serial_putc
                0x0000129c       0x14 build/sam_ba_serial.o
                0x0000129c                serial_putc
 .text.serial_is_rx_ready
                0x000012b0       0x10 build/sam_ba_serial.o
                0x000012b0                serial_is_rx_ready
 .text.serial_getc
                0x000012c0       0x18 build/sam_ba_serial.o
                0x000012c0                serial_getc
 .text.serial_sharp_received
                0x000012d8       0x1c build/sam_ba_serial.o
                0x000012d8                serial_sharp_received
 .text.serial_putdata
                0x000012f4       0x1a build/sam_ba_serial.o
                0x000012f4                serial_putdata
 .text.serial_getdata
                0x0000130e        0xe build/sam_ba_serial.o
                0x0000130e                serial_getdata
 .text.serial_add_crc
                0x0000131c       0x18 build/sam_ba_serial.o
                0x0000131c                serial_add_crc
 .text.serial_putdata_xmd
                0x00001334      0x108 build/sam_ba_serial.o
                0x00001334                serial_putdata_xmd
 .text.getbytes
                0x0000143c       0x64 build/sam_ba_serial.o
 .text.serial_getdata_xmd
                0x000014a0       0xf4 build/sam_ba_serial.o
                0x000014a0                serial_getdata_xmd
 .text.memcpy   0x00001594       0x12 /home/xose/local/gcc-arm-none-eabi-4_8-2014q1/bin/../lib/gcc/arm-none-eabi/4.8.3/../../../../arm-none-eabi/lib/armv6-m/libc_s.a(lib_a-memcpy-stub.o)
                0x00001594                memcpy
 .text.memset   0x000015a6       0x10 /home/xose/local/gcc-arm-none-eabi-4_8-2014q1/bin/../lib/gcc/arm-none-eabi/4.8.3/../../../../arm-none-eabi/lib/armv6-m/libc_s.a(lib_a-memset.o)
                0x000015a6                memset
 .text.strlen   0x000015b6        0xe /home/xose/local/gcc-arm-none-eabi-4_8-2014q1/bin/../lib/gcc/arm-none-eabi/4.8.3/../../../../arm-none-eabi/lib/armv6-m/libc_s.a(lib_a-strlen.o)
                0x000015b6                strlen
 *(.init)
 .init          0x000015c4        0x4 /home/xose/local/gcc-arm-none-eabi-4_8-2014q1/bin/../lib/gcc/arm-none-eabi/4.8.3/armv6-m/crti.o
                0x000015c4                _init
 .init          0x000015c8        0x8 /home/xose/local/gcc-arm-none-eabi-4_8-2014q1/bin/../lib/gcc/arm-none-eabi/4.8.3/armv6-m/crtn.o
 *(.fini)
 .fini          0x000015d0        0x4 /home/xose/local/gcc-arm-none-eabi-4_8-2014q1/bin/../lib/gcc/arm-none-eabi/4.8.3/armv6-m/crti.o
                0x000015d0                _fini
 .fini          0x000015d4        0x8 /home/xose/local/gcc-arm-none-eabi-4_8-2014q1/bin/../lib/gcc/arm-none-eabi/4.8.3/armv6-m/crtn.o
 *crtbegin.o(.ctors)
 *crtbegin?.o(.ctors)
 *(EXCLUDE_FILE(*crtend.o *crtend?.o) .ctors)
 *(SORT(.ctors.*))
 *(.ctors)
 *crtbegin.o(.dtors)
 *crtbegin?.o(.dtors)
 *(EXCLUDE_FILE(*crtend.o *crtend?.o) .dtors)
 *(SORT(.dtors.*))
 *(.dtors)
 *(.rodata*)
 .rodata        0x000015dc        0x4 build/sam_ba_usb.o
 .rodata.str1.1
                0x000015e0       0x17 build/sam_ba_usb.o
 *fill*         0x000015f7        0x1 
 .rodata.devDescriptor
                0x000015f8       0x14 build/sam_ba_usb.o
 .rodata        0x0000160c       0x20 build/sam_ba_monitor.o
 .rodata.uart_if
                0x0000162c       0x1c build/sam_ba_monitor.o
                0x0000162c                uart_if
 .rodata.str1.1
                0x00001648       0x29 build/sam_ba_monitor.o
                                 0x2c (size before relaxing)
 .rodata.RomBOOT_Version
                0x00001671        0x4 build/sam_ba_monitor.o
                0x00001671                RomBOOT_Version
 *fill*         0x00001675        0x3 
 .rodata.usbcdc_if
                0x00001678       0x1c build/sam_ba_monitor.o
                0x00001678                usbcdc_if
 .rodata.RomBOOT_ExtendedCapabilities
                0x00001694        0xe build/sam_ba_monitor.o
                0x00001694                RomBOOT_ExtendedCapabilities
 .rodata.crc16Table
                0x000016a2      0x200 build/sam_ba_serial.o
 *(.eh_frame*)
 *fill*         0x000018a2        0x2 
 .eh_frame      0x000018a4        0x0 /home/xose/local/gcc-arm-none-eabi-4_8-2014q1/bin/../lib/gcc/arm-none-eabi/4.8.3/armv6-m/crtbegin.o
 .eh_frame      0x000018a4        0x4 /home/xose/local/gcc-arm-none-eabi-4_8-2014q1/bin/../lib/gcc/arm-none-eabi/4.8.3/armv6-m/crtend.o

.glue_7         0x000018a8        0x0
 .glue_7        0x00000000        0x0 linker stubs

.glue_7t        0x000018a8        0x0
 .glue_7t       0x00000000        0x0 linker stubs

.vfp11_veneer   0x000018a8        0x0
 .vfp11_veneer  0x00000000        0x0 linker stubs

.v4_bx          0x000018a8        0x0
 .v4_bx         0x00000000        0x0 linker stubs

.iplt           0x000018a8        0x0
 .iplt          0x00000000        0x0 /home/xose/local/gcc-arm-none-eabi-4_8-2014q1/bin/../lib/gcc/arm-none-eabi/4.8.3/armv6-m/crtbegin.o

.rel.dyn        0x000018a8        0x0
 .rel.iplt      0x00000000        0x0 /home/xose/local/gcc-arm-none-eabi-4_8-2014q1/bin/../lib/gcc/arm-none-eabi/4.8.3/armv6-m/crtbegin.o

.ARM.extab
 *(.ARM.extab* .gnu.linkonce.armextab.*)
                0x000018a8                __exidx_start = .

.ARM.exidx
 *(.ARM.exidx* .gnu.linkonce.armexidx.*)
                0x000018a8                __exidx_end = .
                0x000018a8                __etext = .
                0x00002000                PROVIDE (__sketch_vectors_ptr, (ORIGIN (FLASH) + 0x2000))

.data           0x20000000       0x5c load address 0x000018a8
                0x20000000                __data_start__ = .
 *(vtable)
 *(.data*)
 .data.ledDirection
                0x20000000        0x1 build/board_driver_led.o
                0x20000000                ledDirection
 .data.ledTargetValue
                0x20000001        0x1 build/board_driver_led.o
                0x20000001                ledTargetValue
 *fill*         0x20000002        0x2 
 .data.cfgDescriptor
                0x20000004       0x44 build/sam_ba_usb.o
 .data.line_coding
                0x20000048        0x8 build/sam_ba_cdc.o
                0x20000048                line_coding
                0x20000050                . = ALIGN (0x4)
                0x20000050                PROVIDE (__preinit_array_start, .)
 *(.preinit_array)
                0x20000050                PROVIDE (__preinit_array_end, .)
                0x20000050                . = ALIGN (0x4)
                0x20000050                PROVIDE (__init_array_start, .)
 *(SORT(.init_array.*))
 *(.init_array)
 .init_array    0x20000050        0x4 /home/xose/local/gcc-arm-none-eabi-4_8-2014q1/bin/../lib/gcc/arm-none-eabi/4.8.3/armv6-m/crtbegin.o
                0x20000054                PROVIDE (__init_array_end, .)
                0x20000054                . = ALIGN (0x4)
                0x20000054                PROVIDE (__fini_array_start, .)
 *(SORT(.fini_array.*))
 *(.fini_array)
 .fini_array    0x20000054        0x4 /home/xose/local/gcc-arm-none-eabi-4_8-2014q1/bin/../lib/gcc/arm-none-eabi/4.8.3/armv6-m/crtbegin.o
                0x20000058                PROVIDE (__fini_array_end, .)
 *(.jcr*)
 .jcr           0x20000058        0x0 /home/xose/local/gcc-arm-none-eabi-4_8-2014q1/bin/../lib/gcc/arm-none-eabi/4.8.3/armv6-m/crtbegin.o
 .jcr           0x20000058        0x4 /home/xose/local/gcc-arm-none-eabi-4_8-2014q1/bin/../lib/gcc/arm-none-eabi/4.8.3/armv6-m/crtend.o
                0x2000005c                . = ALIGN (0x4)
                0x2000005c                __data_end__ = .

.igot.plt       0x2000005c        0x0 load address 0x00001904
 .igot.plt      0x00000000        0x0 /home/xose/local/gcc-arm-none-eabi-4_8-2014q1/bin/../lib/gcc/arm-none-eabi/4.8.3/armv6-m/crtbegin.o

.bss            0x2000005c      0x348 load address 0x00001904
                0x2000005c                . = ALIGN (0x4)
                0x2000005c                __bss_start__ = .
 *(.bss*)
 .bss           0x2000005c       0x1c /home/xose/local/gcc-arm-none-eabi-4_8-2014q1/bin/../lib/gcc/arm-none-eabi/4.8.3/armv6-m/crtbegin.o
 .bss.ledKeepValue
                0x20000078        0x1 build/board_driver_led.o
                0x20000078                ledKeepValue
 .bss.uart_drv_error_flag
                0x20000079        0x1 build/board_driver_serial.o
                0x20000079                uart_drv_error_flag
 .bss.read_job  0x2000007a        0x1 build/board_driver_usb.o
 .bss.main_b_cdc_enable
                0x2000007b        0x1 build/main.o
 .bss.dir.10339
                0x2000007c        0x1 build/sam_ba_usb.o
 .bss.bmRequestType.10337
                0x2000007d        0x1 build/sam_ba_usb.o
 .bss.wStatus.10343
                0x2000007e        0x2 build/sam_ba_usb.o
 .bss.wLength.10342
                0x20000080        0x2 build/sam_ba_usb.o
 .bss.bRequest.10338
                0x20000082        0x1 build/sam_ba_usb.o
 *fill*         0x20000083        0x1 
 .bss.wValue.10340
                0x20000084        0x2 build/sam_ba_usb.o
 .bss.wIndex.10341
                0x20000086        0x2 build/sam_ba_usb.o
 .bss.b_terminal_mode
                0x20000088        0x1 build/sam_ba_monitor.o
                0x20000088                b_terminal_mode
 *fill*         0x20000089        0x1 
 .bss.rxLEDPulse
                0x2000008a        0x2 build/sam_ba_monitor.o
                0x2000008a                rxLEDPulse
 .bss.txLEDPulse
                0x2000008c        0x2 build/sam_ba_monitor.o
                0x2000008c                txLEDPulse
 .bss.b_sam_ba_interface_usart
                0x2000008e        0x1 build/sam_ba_monitor.o
                0x2000008e                b_sam_ba_interface_usart
 *fill*         0x2000008f        0x1 
 .bss.src_buff_addr.11718
                0x20000090        0x4 build/sam_ba_monitor.o
 *(COMMON)
 COMMON         0x20000094      0x180 build/board_driver_usb.o
                0x20000094                udd_ep_out_cache_buffer
                0x20000114                udd_ep_in_cache_buffer
                0x20000194                usb_endpoint_table
 COMMON         0x20000214        0x4 build/main.o
                0x20000214                pulSketch_Start_Address
 COMMON         0x20000218        0xc build/sam_ba_usb.o
                0x20000218                sam_ba_cdc
 COMMON         0x20000224       0x74 build/sam_ba_monitor.o
                0x20000224                j
                0x20000228                length
                0x2000022c                ptr
                0x20000230                command
                0x20000234                MAX_FLASH
                0x20000238                PAGES
                0x2000023c                i
                0x20000240                PAGE_SIZE
                0x20000244                data
                0x20000284                ptr_data
                0x20000288                ptr_monitor_if
                0x2000028c                sp
                0x20000290                current_number
                0x20000294                u32tmp
 COMMON         0x20000298      0x109 build/sam_ba_serial.o
                0x20000298                b_sharp_received
                0x20000299                idx_rx_write
                0x2000029a                size_of_data
                0x2000029c                idx_tx_read
                0x2000029d                buffer_tx_usart
                0x2000031d                error_timeout
                0x2000031e                mode_of_transfer
                0x2000031f                idx_rx_read
                0x20000320                idx_tx_write
                0x20000321                buffer_rx_usart
                0x200003a4                . = ALIGN (0x4)
 *fill*         0x200003a1        0x3 
                0x200003a4                __bss_end__ = .

.heap           0x200003a4        0x0
                0x200003a4                __end__ = .
                0x200003a4                PROVIDE (end, .)
 *(.heap*)
                0x200003a4                __HeapLimit = .

.stack_dummy    0x200003a4        0x0
 *(.stack*)
                0x20007ffc                __StackTop = (ORIGIN (RAM) + 0x7ffc)
                0x20007ffc                __StackLimit = (__StackTop - SIZEOF (.stack_dummy))
                0x20007ffc                PROVIDE (__stack, __StackTop)
                0x20007ffb                __ram_end__ = ((ORIGIN (RAM) + 0x7ffc) - 0x1)
                0x00000001                ASSERT ((__StackLimit >= __HeapLimit), region RAM overflowed with stack)
OUTPUT(build/samd21_sam_ba_allwize_k2.elf elf32-littlearm)

.ARM.attributes
                0x00000000       0x28
 .ARM.attributes
                0x00000000       0x1e /home/xose/local/gcc-arm-none-eabi-4_8-2014q1/bin/../lib/gcc/arm-none-eabi/4.8.3/armv6-m/crti.o
 .ARM.attributes
                0x0000001e       0x2c /home/xose/local/gcc-arm-none-eabi-4_8-2014q1/bin/../lib/gcc/arm-none-eabi/4.8.3/armv6-m/crtbegin.o
 .ARM.attributes
                0x0000004a       0x32 build/board_driver_led.o
 .ARM.attributes
                0x0000007c       0x32 build/board_driver_serial.o
 .ARM.attributes
                0x000000ae       0x32 build/board_driver_usb.o
 .ARM.attributes
                0x000000e0       0x32 build/board_init.o
 .ARM.attributes
                0x00000112       0x32 build/board_startup.o
 .ARM.attributes
                0x00000144       0x32 build/main.o
 .ARM.attributes
                0x00000176       0x32 build/sam_ba_usb.o
 .ARM.attributes
                0x000001a8       0x32 build/sam_ba_cdc.o
 .ARM.attributes
                0x000001da       0x32 build/sam_ba_monitor.o
 .ARM.attributes
                0x0000020c       0x32 build/sam_ba_serial.o
 .ARM.attributes
                0x0000023e       0x2c /home/xose/local/gcc-arm-none-eabi-4_8-2014q1/bin/../lib/gcc/arm-none-eabi/4.8.3/../../../../arm-none-eabi/lib/armv6-m/libc_s.a(lib_a-memcpy-stub.o)
 .ARM.attributes
                0x0000026a       0x2c /home/xose/local/gcc-arm-none-eabi-4_8-2014q1/bin/../lib/gcc/arm-none-eabi/4.8.3/../../../../arm-none-eabi/lib/armv6-m/libc_s.a(lib_a-memset.o)
 .ARM.attributes
                0x00000296       0x2c /home/xose/local/gcc-arm-none-eabi-4_8-2014q1/bin/../lib/gcc/arm-none-eabi/4.8.3/../../../../arm-none-eabi/lib/armv6-m/libc_s.a(lib_a-strlen.o)
 .ARM.attributes
                0x000002c2       0x2c /home/xose/local/gcc-arm-none-eabi-4_8-2014q1/bin/../lib/gcc/arm-none-eabi/4.8.3/armv6-m/crtend.o
 .ARM.attributes
                0x000002ee       0x1e /home/xose/local/gcc-arm-none-eabi-4_8-2014q1/bin/../lib/gcc/arm-none-eabi/4.8.3/armv6-m/crtn.o

.comment        0x00000000       0x70
 .comment       0x00000000       0x70 build/board_driver_led.o
                                 0x71 (size before relaxing)
 .comment       0x00000000       0x71 build/board_driver_serial.o
 .comment       0x00000000       0x71 build/board_driver_usb.o
 .comment       0x00000000       0x71 build/board_init.o
 .comment       0x00000000       0x71 build/board_startup.o
 .comment       0x00000000       0x71 build/main.o
 .comment       0x00000000       0x71 build/sam_ba_usb.o
 .comment       0x00000000       0x71 build/sam_ba_cdc.o
 .comment       0x00000000       0x71 build/sam_ba_monitor.o
 .comment       0x00000000       0x71 build/sam_ba_serial.o

.debug_frame    0x00000000       0x68
 .debug_frame   0x00000000       0x28 /home/xose/local/gcc-arm-none-eabi-4_8-2014q1/bin/../lib/gcc/arm-none-eabi/4.8.3/../../../../arm-none-eabi/lib/armv6-m/libc_s.a(lib_a-memcpy-stub.o)
 .debug_frame   0x00000028       0x20 /home/xose/local/gcc-arm-none-eabi-4_8-2014q1/bin/../lib/gcc/arm-none-eabi/4.8.3/../../../../arm-none-eabi/lib/armv6-m/libc_s.a(lib_a-memset.o)
 .debug_frame   0x00000048       0x20 /home/xose/local/gcc-arm-none-eabi-4_8-2014q1/bin/../lib/gcc/arm-none-eabi/4.8.3/../../../../arm-none-eabi/lib/armv6-m/libc_s.a(lib_a-strlen.o)

Cross Reference Table

Symbol                                            File
HardFault_Handler                                 build/board_startup.o
LED_pulse                                         build/board_driver_led.o
                                                  build/main.o
MAX_FLASH                                         build/sam_ba_monitor.o
NMI_Handler                                       build/board_startup.o
PAGES                                             build/sam_ba_monitor.o
PAGE_SIZE                                         build/sam_ba_monitor.o
PendSV_Handler                                    build/board_startup.o
Reset_Handler                                     build/board_startup.o
RomBOOT_ExtendedCapabilities                      build/sam_ba_monitor.o
RomBOOT_Version                                   build/sam_ba_monitor.o
SVC_Handler                                       build/board_startup.o
SysTick_Handler                                   build/main.o
                                                  build/board_startup.o
USB_Configure                                     build/board_driver_usb.o
                                                  build/sam_ba_usb.o
USB_Init                                          build/board_driver_usb.o
                                                  build/sam_ba_usb.o
USB_IsConfigured                                  build/board_driver_usb.o
                                                  build/sam_ba_cdc.o
USB_Open                                          build/board_driver_usb.o
                                                  build/sam_ba_usb.o
USB_Read                                          build/board_driver_usb.o
                                                  build/sam_ba_cdc.o
USB_Read_blocking                                 build/board_driver_usb.o
USB_SendStall                                     build/board_driver_usb.o
                                                  build/sam_ba_usb.o
USB_SendString                                    build/sam_ba_usb.o
USB_SendZlp                                       build/board_driver_usb.o
                                                  build/sam_ba_usb.o
USB_SetAddress                                    build/board_driver_usb.o
                                                  build/sam_ba_usb.o
USB_Write                                         build/board_driver_usb.o
                                                  build/sam_ba_cdc.o
                                                  build/sam_ba_usb.o
_Jv_RegisterClasses                               /home/xose/local/gcc-arm-none-eabi-4_8-2014q1/bin/../lib/gcc/arm-none-eabi/4.8.3/armv6-m/crtbegin.o
__StackTop                                        build/board_startup.o
__bss_end__                                       build/board_startup.o
                                                  /home/xose/local/gcc-arm-none-eabi-4_8-2014q1/bin/../lib/gcc/arm-none-eabi/4.8.3/../../../../arm-none-eabi/lib/armv6-m/crt0.o
__bss_start__                                     build/board_startup.o
                                                  /home/xose/local/gcc-arm-none-eabi-4_8-2014q1/bin/../lib/gcc/arm-none-eabi/4.8.3/../../../../arm-none-eabi/lib/armv6-m/crt0.o
__call_exitprocs                                  /home/xose/local/gcc-arm-none-eabi-4_8-2014q1/bin/../lib/gcc/arm-none-eabi/4.8.3/../../../../arm-none-eabi/lib/armv6-m/libc_s.a(lib_a-exit.o)
__data_end__                                      build/board_startup.o
__data_start__                                    build/board_startup.o
__deregister_frame_info                           /home/xose/local/gcc-arm-none-eabi-4_8-2014q1/bin/../lib/gcc/arm-none-eabi/4.8.3/armv6-m/crtbegin.o
__dso_handle                                      /home/xose/local/gcc-arm-none-eabi-4_8-2014q1/bin/../lib/gcc/arm-none-eabi/4.8.3/armv6-m/crtbegin.o
__etext                                           build/board_startup.o
__gnu_lto_v1                                      build/sam_ba_serial.o
                                                  build/sam_ba_monitor.o
                                                  build/sam_ba_cdc.o
                                                  build/sam_ba_usb.o
                                                  build/main.o
                                                  build/board_startup.o
                                                  build/board_init.o
                                                  build/board_driver_usb.o
                                                  build/board_driver_serial.o
                                                  build/board_driver_jtag.o
                                                  build/board_driver_pmic.o
                                                  build/board_driver_led.o
                                                  build/board_driver_i2c.o
__init_array_end                                  /home/xose/local/gcc-arm-none-eabi-4_8-2014q1/bin/../lib/gcc/arm-none-eabi/4.8.3/../../../../arm-none-eabi/lib/armv6-m/libc_s.a(lib_a-init.o)
__init_array_start                                /home/xose/local/gcc-arm-none-eabi-4_8-2014q1/bin/../lib/gcc/arm-none-eabi/4.8.3/../../../../arm-none-eabi/lib/armv6-m/libc_s.a(lib_a-init.o)
__libc_fini_array                                 /home/xose/local/gcc-arm-none-eabi-4_8-2014q1/bin/../lib/gcc/arm-none-eabi/4.8.3/../../../../arm-none-eabi/lib/armv6-m/crt0.o
__libc_init_array                                 /home/xose/local/gcc-arm-none-eabi-4_8-2014q1/bin/../lib/gcc/arm-none-eabi/4.8.3/../../../../arm-none-eabi/lib/armv6-m/libc_s.a(lib_a-init.o)
                                                  /home/xose/local/gcc-arm-none-eabi-4_8-2014q1/bin/../lib/gcc/arm-none-eabi/4.8.3/../../../../arm-none-eabi/lib/armv6-m/crt0.o
__preinit_array_end                               /home/xose/local/gcc-arm-none-eabi-4_8-2014q1/bin/../lib/gcc/arm-none-eabi/4.8.3/../../../../arm-none-eabi/lib/armv6-m/libc_s.a(lib_a-init.o)
__preinit_array_start                             /home/xose/local/gcc-arm-none-eabi-4_8-2014q1/bin/../lib/gcc/arm-none-eabi/4.8.3/../../../../arm-none-eabi/lib/armv6-m/libc_s.a(lib_a-init.o)
__register_frame_info                             /home/xose/local/gcc-arm-none-eabi-4_8-2014q1/bin/../lib/gcc/arm-none-eabi/4.8.3/armv6-m/crtbegin.o
__sf_fake_stderr                                  /home/xose/local/gcc-arm-none-eabi-4_8-2014q1/bin/../lib/gcc/arm-none-eabi/4.8.3/../../../../arm-none-eabi/lib/armv6-m/libc_s.a(lib_a-impure.o)
__sf_fake_stdin                                   /home/xose/local/gcc-arm-none-eabi-4_8-2014q1/bin/../lib/gcc/arm-none-eabi/4.8.3/../../../../arm-none-eabi/lib/armv6-m/libc_s.a(lib_a-impure.o)
__sf_fake_stdout                                  /home/xose/local/gcc-arm-none-eabi-4_8-2014q1/bin/../lib/gcc/arm-none-eabi/4.8.3/../../../../arm-none-eabi/lib/armv6-m/libc_s.a(lib_a-impure.o)
__sketch_vectors_ptr                              build/main.o
__stack                                           /home/xose/local/gcc-arm-none-eabi-4_8-2014q1/bin/../lib/gcc/arm-none-eabi/4.8.3/../../../../arm-none-eabi/lib/armv6-m/crt0.o
_exit                                             /home/xose/local/gcc-arm-none-eabi-4_8-2014q1/bin/../lib/gcc/arm-none-eabi/4.8.3/../../../../arm-none-eabi/lib/armv6-m/libnosys.a(_exit.o)
                                                  /home/xose/local/gcc-arm-none-eabi-4_8-2014q1/bin/../lib/gcc/arm-none-eabi/4.8.3/../../../../arm-none-eabi/lib/armv6-m/libc_s.a(lib_a-exit.o)
_fini                                             /home/xose/local/gcc-arm-none-eabi-4_8-2014q1/bin/../lib/gcc/arm-none-eabi/4.8.3/armv6-m/crti.o
_global_impure_ptr                                /home/xose/local/gcc-arm-none-eabi-4_8-2014q1/bin/../lib/gcc/arm-none-eabi/4.8.3/../../../../arm-none-eabi/lib/armv6-m/libc_s.a(lib_a-impure.o)
                                                  /home/xose/local/gcc-arm-none-eabi-4_8-2014q1/bin/../lib/gcc/arm-none-eabi/4.8.3/../../../../arm-none-eabi/lib/armv6-m/libc_s.a(lib_a-exit.o)
_impure_ptr                                       /home/xose/local/gcc-arm-none-eabi-4_8-2014q1/bin/../lib/gcc/arm-none-eabi/4.8.3/../../../../arm-none-eabi/lib/armv6-m/libc_s.a(lib_a-impure.o)
_init                                             /home/xose/local/gcc-arm-none-eabi-4_8-2014q1/bin/../lib/gcc/arm-none-eabi/4.8.3/armv6-m/crti.o
                                                  /home/xose/local/gcc-arm-none-eabi-4_8-2014q1/bin/../lib/gcc/arm-none-eabi/4.8.3/../../../../arm-none-eabi/lib/armv6-m/libc_s.a(lib_a-init.o)
_mainCRTStartup                                   /home/xose/local/gcc-arm-none-eabi-4_8-2014q1/bin/../lib/gcc/arm-none-eabi/4.8.3/../../../../arm-none-eabi/lib/armv6-m/crt0.o
_start                                            /home/xose/local/gcc-arm-none-eabi-4_8-2014q1/bin/../lib/gcc/arm-none-eabi/4.8.3/../../../../arm-none-eabi/lib/armv6-m/crt0.o
atexit                                            /home/xose/local/gcc-arm-none-eabi-4_8-2014q1/bin/../lib/gcc/arm-none-eabi/4.8.3/../../../../arm-none-eabi/lib/armv6-m/crt0.o
b_sam_ba_interface_usart                          build/sam_ba_monitor.o
b_sharp_received                                  build/sam_ba_serial.o
b_terminal_mode                                   build/sam_ba_monitor.o
board_init                                        build/board_init.o
                                                  build/main.o
buffer_rx_usart                                   build/sam_ba_serial.o
buffer_tx_usart                                   build/sam_ba_serial.o
call_applet                                       build/sam_ba_monitor.o
cdc_getc                                          build/sam_ba_cdc.o
                                                  build/sam_ba_monitor.o
cdc_is_rx_ready                                   build/sam_ba_cdc.o
                                                  build/sam_ba_monitor.o
cdc_putc                                          build/sam_ba_cdc.o
                                                  build/sam_ba_monitor.o
cdc_read_buf                                      build/sam_ba_cdc.o
                                                  build/sam_ba_monitor.o
cdc_read_buf_xmd                                  build/sam_ba_cdc.o
                                                  build/sam_ba_monitor.o
cdc_write_buf                                     build/sam_ba_cdc.o
                                                  build/sam_ba_monitor.o
command                                           build/sam_ba_monitor.o
current_number                                    build/sam_ba_monitor.o
data                                              build/sam_ba_monitor.o
error_timeout                                     build/sam_ba_serial.o
exception_table                                   build/board_startup.o
exit                                              /home/xose/local/gcc-arm-none-eabi-4_8-2014q1/bin/../lib/gcc/arm-none-eabi/4.8.3/../../../../arm-none-eabi/lib/armv6-m/libc_s.a(lib_a-exit.o)
                                                  /home/xose/local/gcc-arm-none-eabi-4_8-2014q1/bin/../lib/gcc/arm-none-eabi/4.8.3/../../../../arm-none-eabi/lib/armv6-m/crt0.o
g_interrupt_enabled                               build/board_init.o
hardware_init_hook                                /home/xose/local/gcc-arm-none-eabi-4_8-2014q1/bin/../lib/gcc/arm-none-eabi/4.8.3/../../../../arm-none-eabi/lib/armv6-m/crt0.o
i                                                 build/sam_ba_monitor.o
idx_rx_read                                       build/sam_ba_serial.o
idx_rx_write                                      build/sam_ba_serial.o
idx_tx_read                                       build/sam_ba_serial.o
idx_tx_write                                      build/sam_ba_serial.o
j                                                 build/sam_ba_monitor.o
ledDirection                                      build/board_driver_led.o
ledKeepValue                                      build/board_driver_led.o
ledTargetValue                                    build/board_driver_led.o
length                                            build/sam_ba_monitor.o
line_coding                                       build/sam_ba_cdc.o
                                                  build/sam_ba_usb.o
main                                              build/main.o
                                                  build/board_startup.o
                                                  /home/xose/local/gcc-arm-none-eabi-4_8-2014q1/bin/../lib/gcc/arm-none-eabi/4.8.3/../../../../arm-none-eabi/lib/armv6-m/crt0.o
memcpy                                            /home/xose/local/gcc-arm-none-eabi-4_8-2014q1/bin/../lib/gcc/arm-none-eabi/4.8.3/../../../../arm-none-eabi/lib/armv6-m/libc_s.a(lib_a-memcpy-stub.o)
                                                  build/sam_ba_monitor.o
                                                  build/sam_ba_usb.o
                                                  build/board_driver_usb.o
memset                                            /home/xose/local/gcc-arm-none-eabi-4_8-2014q1/bin/../lib/gcc/arm-none-eabi/4.8.3/../../../../arm-none-eabi/lib/armv6-m/libc_s.a(lib_a-memset.o)
                                                  build/board_driver_usb.o
                                                  /home/xose/local/gcc-arm-none-eabi-4_8-2014q1/bin/../lib/gcc/arm-none-eabi/4.8.3/../../../../arm-none-eabi/lib/armv6-m/crt0.o
mode_of_transfer                                  build/sam_ba_serial.o
ptr                                               build/sam_ba_monitor.o
ptr_data                                          build/sam_ba_monitor.o
ptr_monitor_if                                    build/sam_ba_monitor.o
pulSketch_Start_Address                           build/main.o
rxLEDPulse                                        build/sam_ba_monitor.o
sam_ba_cdc                                        build/sam_ba_cdc.o
                                                  build/sam_ba_usb.o
sam_ba_monitor_init                               build/sam_ba_monitor.o
                                                  build/main.o
sam_ba_monitor_run                                build/sam_ba_monitor.o
                                                  build/main.o
sam_ba_monitor_sys_tick                           build/sam_ba_monitor.o
                                                  build/main.o
sam_ba_putdata_term                               build/sam_ba_monitor.o
sam_ba_usb_CDC_Enumerate                          build/sam_ba_usb.o
                                                  build/board_driver_usb.o
serial_add_crc                                    build/sam_ba_serial.o
                                                  build/sam_ba_monitor.o
serial_close                                      build/sam_ba_serial.o
serial_getc                                       build/sam_ba_serial.o
                                                  build/sam_ba_monitor.o
serial_getdata                                    build/sam_ba_serial.o
                                                  build/sam_ba_monitor.o
serial_getdata_xmd                                build/sam_ba_serial.o
                                                  build/sam_ba_monitor.o
serial_is_rx_ready                                build/sam_ba_serial.o
                                                  build/sam_ba_monitor.o
serial_open                                       build/sam_ba_serial.o
                                                  build/main.o
serial_putc                                       build/sam_ba_serial.o
                                                  build/sam_ba_monitor.o
serial_putdata                                    build/sam_ba_serial.o
                                                  build/sam_ba_monitor.o
serial_putdata_xmd                                build/sam_ba_serial.o
                                                  build/sam_ba_monitor.o
serial_readc                                      build/sam_ba_serial.o
serial_sharp_received                             build/sam_ba_serial.o
                                                  build/main.o
size_of_data                                      build/sam_ba_serial.o
software_init_hook                                /home/xose/local/gcc-arm-none-eabi-4_8-2014q1/bin/../lib/gcc/arm-none-eabi/4.8.3/../../../../arm-none-eabi/lib/armv6-m/crt0.o
sp                                                build/sam_ba_monitor.o
strlen                                            /home/xose/local/gcc-arm-none-eabi-4_8-2014q1/bin/../lib/gcc/arm-none-eabi/4.8.3/../../../../arm-none-eabi/lib/armv6-m/libc_s.a(lib_a-strlen.o)
                                                  build/sam_ba_usb.o
txLEDPulse                                        build/sam_ba_monitor.o
u32tmp                                            build/sam_ba_monitor.o
uart_basic_init                                   build/board_driver_serial.o
                                                  build/sam_ba_serial.o
uart_disable                                      build/board_driver_serial.o
                                                  build/sam_ba_serial.o
uart_drv_error_flag                               build/board_driver_serial.o
uart_if                                           build/sam_ba_monitor.o
uart_read_buffer_polled                           build/board_driver_serial.o
uart_read_byte                                    build/board_driver_serial.o
                                                  build/sam_ba_serial.o
uart_write_buffer_polled                          build/board_driver_serial.o
uart_write_byte                                   build/board_driver_serial.o
                                                  build/sam_ba_serial.o
udd_ep_in_cache_buffer                            build/board_driver_usb.o
udd_ep_out_cache_buffer                           build/sam_ba_usb.o
                                                  build/board_driver_usb.o
usb_endpoint_table                                build/board_driver_usb.o
usb_init                                          build/sam_ba_usb.o
                                                  build/main.o
usbcdc_if                                         build/sam_ba_monitor.o
